// Jest Snapshot v1, https://goo.gl/fbAQLP

exports[`renders correctly 1`] = `
<RCTScrollView
  style={
    Object {
      "backgroundColor": "pink",
    }
  }
>
  <View>
    <TextInput
      allowFontScaling={true}
      onChangeText={[Function]}
      placeholder="Firstname"
      rejectResponderTermination={true}
      style={
        Object {
          "backgroundColor": "white",
          "borderRadius": 8,
          "color": "black",
          "marginHorizontal": 10,
          "marginVertical": 15,
        }
      }
      underlineColorAndroid="transparent"
      value={null}
    />
    <TextInput
      allowFontScaling={true}
      onChangeText={[Function]}
      placeholder="Lastname"
      rejectResponderTermination={true}
      style={
        Object {
          "backgroundColor": "white",
          "borderRadius": 8,
          "color": "black",
          "marginHorizontal": 10,
          "marginVertical": 15,
        }
      }
      underlineColorAndroid="transparent"
      value={null}
    />
    <TextInput
      allowFontScaling={true}
      onChangeText={[Function]}
      placeholder="Address"
      rejectResponderTermination={true}
      style={
        Object {
          "backgroundColor": "white",
          "borderRadius": 8,
          "color": "black",
          "marginHorizontal": 10,
          "marginVertical": 15,
        }
      }
      underlineColorAndroid="transparent"
      value={null}
    />
    <View
      style={
        Object {
          "borderRadius": 8,
          "marginHorizontal": 10,
          "marginVertical": 15,
        }
      }
    >
      <View
        accessibilityRole="button"
        accessibilityStates={Array []}
        accessible={true}
        clickable={true}
        isTVSelectable={true}
        onClick={[Function]}
        onResponderGrant={[Function]}
        onResponderMove={[Function]}
        onResponderRelease={[Function]}
        onResponderTerminate={[Function]}
        onResponderTerminationRequest={[Function]}
        onStartShouldSetResponder={[Function]}
        style={
          Object {
            "opacity": 1,
          }
        }
      >
        <View
          style={
            Array [
              Object {},
            ]
          }
        >
          <Text
            style={
              Array [
                Object {
                  "color": "#007AFF",
                  "fontSize": 18,
                  "padding": 8,
                  "textAlign": "center",
                },
              ]
            }
          >
            Update
          </Text>
        </View>
      </View>
    </View>
  </View>
</RCTScrollView>
`;
