// Jest Snapshot v1, https://goo.gl/fbAQLP

exports[`renders correctly 1`] = `
<View
  style={
    Object {
      "backgroundColor": "pink",
      "height": "100%",
      "justifyContent": "center",
    }
  }
>
  <RCTScrollView>
    <View>
      <Text
        style={
          Object {
            "color": "#424242",
            "fontSize": 24,
            "marginLeft": 10,
            "marginTop": 15,
          }
        }
      >
        Search by ID:
      </Text>
      <TextInput
        allowFontScaling={true}
        onChangeText={[Function]}
        placeholder="Find person with ID"
        rejectResponderTermination={true}
        style={
          Object {
            "backgroundColor": "white",
            "borderRadius": 8,
            "color": "black",
            "marginHorizontal": 10,
            "marginVertical": 15,
          }
        }
        underlineColorAndroid="transparent"
        value={null}
      />
      <View
        style={
          Object {
            "borderRadius": 8,
            "marginHorizontal": 10,
            "marginVertical": 15,
          }
        }
      >
        <View
          accessibilityRole="button"
          accessibilityStates={Array []}
          accessible={true}
          clickable={true}
          isTVSelectable={true}
          onClick={[Function]}
          onResponderGrant={[Function]}
          onResponderMove={[Function]}
          onResponderRelease={[Function]}
          onResponderTerminate={[Function]}
          onResponderTerminationRequest={[Function]}
          onStartShouldSetResponder={[Function]}
          style={
            Object {
              "opacity": 1,
            }
          }
        >
          <View
            style={
              Array [
                Object {},
              ]
            }
          >
            <Text
              style={
                Array [
                  Object {
                    "color": "#007AFF",
                    "fontSize": 18,
                    "padding": 8,
                    "textAlign": "center",
                  },
                ]
              }
            >
              Search
            </Text>
          </View>
        </View>
      </View>
      <RCTScrollView>
        <View />
      </RCTScrollView>
    </View>
  </RCTScrollView>
</View>
`;
